// Jest Snapshot v1, https://goo.gl/fbAQLP

exports[`WelcomePage should render correctly 1`] = `
<section>
  <section class="welcome-page-headline">
    <article class="welcome-page-headline__body">
      <div>
        <h1 class="welcome-page-headline__title">welcome:valeria</h1>
        <p class="welcome-page-headline__subtitle">welcome:tagline</p>
      </div>
      <table class="welcome-page-logo">
        <tr>
          <td class="welcome-page-logo__item"></td>
          <td class="welcome-page-logo__item wp--is-yellow"></td>
          <td class="welcome-page-logo__item wp--is-red"><span></span></td>
        </tr>
        <tr>
          <td class="welcome-page-logo__item"></td>
          <td class="welcome-page-logo__item wp--is-yellow"></td>
          <td class="welcome-page-logo__item wp--is-yellow"></td>
        </tr>
        <tr>
          <td class="welcome-page-logo__item"></td>
          <td class="welcome-page-logo__item"></td>
          <td class="welcome-page-logo__item wp--is-yellow"></td>
        </tr>
      </table>
    </article>
  </section>
  <section class="welcome-page__content"></section>
</section>
`;
